---
source: tui/src/chatwidget/tests.rs
assertion_line: 1090
expression: popup
---
  Select Model and Effort
  Switch the model for this and future Codex CLI sessions

â€º 1. gpt-5-codex (current)  Optimized for coding tasks with many tools.
  2. gpt-5-pro              Premium GPT-5 reasoning with extended depth and
                            tools.
  3. gpt-5                  Broad world knowledge with strong general
                            reasoning.

  Press enter to select reasoning effort, or esc to dismiss.
